// Jest Snapshot v1, https://goo.gl/fbAQLP

exports[`MediaCardBanner matches snapshot 1`] = `
<v-img-stub
  aspectratio="3.3333333333333335"
  minwidth="100%"
  options="[object Object]"
  position="center center"
  src="https://s4.anilist.co/file/anilistcdn/media/anime/banner/1-yBEAaZkGrrlO.jpg"
  transition="fade-transition"
>
   
</v-img-stub>
`;
