// Jest Snapshot v1, https://goo.gl/fbAQLP

exports[`MediaCardBanner matches snapshot 1`] = `
<base-lazy-img-stub
  aspect-ratio="3.3333333333333335"
  lazysrc=""
  min-width="100%"
  src="https://s4.anilist.co/file/anilistcdn/media/anime/banner/1-yBEAaZkGrrlO.jpg"
  srcset=""
>
   
</base-lazy-img-stub>
`;
