// Jest Snapshot v1, https://goo.gl/fbAQLP

exports[`MediaEditDialogActions matches snapshot 1`] = `
<v-card-actions-stub
  viewer="[object Object]"
>
  <v-dialog-stub
    closedelay="0"
    contentclass=""
    maxwidth="360"
    opendelay="0"
    origin="center center"
    retainfocus="true"
    transition="dialog-transition"
    width="auto"
  >
     
    <v-card-stub
      loaderheight="4"
      tag="div"
    >
      <v-card-title-stub>
        Warning
      </v-card-title-stub>
       
      <v-card-text-stub>
        Are you sure you want to delete this list entry?
      </v-card-text-stub>
       
      <v-card-actions-stub>
        <v-spacer-stub />
         
        <v-btn-stub
          activeclass=""
          color="error"
          tag="button"
          text="true"
          type="button"
        >
          Cancel
        </v-btn-stub>
         
        <v-btn-stub
          activeclass=""
          color="primary"
          tag="button"
          text="true"
          type="button"
        >
          Ok
        </v-btn-stub>
      </v-card-actions-stub>
    </v-card-stub>
  </v-dialog-stub>
   
  <v-spacer-stub />
   
  <v-btn-stub
    activeclass=""
    color="primary"
    outlined="true"
    tag="button"
    text="true"
    type="button"
  >
    Cancel
  </v-btn-stub>
   
  <v-btn-stub
    activeclass=""
    color="primary"
    depressed="true"
    disabled="true"
    tag="button"
    type="button"
  >
    Save
  </v-btn-stub>
</v-card-actions-stub>
`;
