// Jest Snapshot v1, https://goo.gl/fbAQLP

exports[`MediaEdit matches snapshot 1`] = `
<v-dialog-stub
  closedelay="0"
  contentclass=""
  maxwidth="720px"
  opendelay="0"
  origin="center center"
  retainfocus="true"
  scrollable="true"
  transition="dialog-transition"
  width="auto"
>
  <!---->
</v-dialog-stub>
`;

exports[`MediaEdit matches snapshot 2`] = `
<v-dialog-stub
  closedelay="0"
  contentclass=""
  maxwidth="720px"
  opendelay="0"
  origin="center center"
  retainfocus="true"
  scrollable="true"
  transition="dialog-transition"
  width="auto"
>
  <!---->
</v-dialog-stub>
`;

exports[`MediaEdit matches snapshot 3`] = `
<v-dialog-stub
  closedelay="0"
  contentclass=""
  maxwidth="720px"
  opendelay="0"
  origin="center center"
  retainfocus="true"
  scrollable="true"
  transition="dialog-transition"
  width="auto"
>
  <!---->
</v-dialog-stub>
`;

exports[`MediaEdit matches snapshot 4`] = `
<v-dialog-stub
  closedelay="0"
  contentclass=""
  maxwidth="720px"
  opendelay="0"
  origin="center center"
  retainfocus="true"
  scrollable="true"
  transition="dialog-transition"
  width="auto"
>
  <!---->
</v-dialog-stub>
`;
