// Jest Snapshot v1, https://goo.gl/fbAQLP

exports[`MediaCardLoadingItemSubtitle matches snapshot 1`] = `
<v-list-item-subtitle-stub
  class="text-capitalize"
>
  <v-skeleton-loader-stub
    maxwidth="100%"
    type="text"
    types="[object Object]"
    width="160px"
  />
</v-list-item-subtitle-stub>
`;
