// Jest Snapshot v1, https://goo.gl/fbAQLP

exports[`MediaItem matches snapshot 1`] = `
<v-list-item-stub
  activeclass=""
  selectable="true"
  tag="div"
  threeline="true"
>
  <v-list-item-content-stub>
    <mediacarditemoverline-stub
      media="[object Object]"
    />
     
    <mediacarditemtitle-stub
      media="[object Object]"
    />
     
    <mediacarditemratings-stub
      media="[object Object]"
    />
     
    <mediacarditemsubtitle-stub
      media="[object Object]"
    />
     
    <mediacarditemdescription-stub
      media="[object Object]"
    />
  </v-list-item-content-stub>
   
  <mediacarditemavatar-stub
    media="[object Object]"
    size="80"
  />
</v-list-item-stub>
`;
