// Jest Snapshot v1, https://goo.gl/fbAQLP

exports[`TheAppBarExtensionChipsSearchReady matches snapshot 1`] = `
<v-chip-group-stub
  activeclass="grey darken-2 white--text"
  mobilebreakpoint="1264"
  nexticon="$next"
  previcon="$prev"
  style="max-width: 100%;"
>
  <v-chip-stub
    active="true"
    activeclass=""
    closeicon="$delete"
    exact="true"
    filtericon="$complete"
    tag="span"
    to="[object Object]"
  >
    
    Cowboy Bebop
  
  </v-chip-stub>
</v-chip-group-stub>
`;
