// Jest Snapshot v1, https://goo.gl/fbAQLP

exports[`TheMediaTimelineLoading matches snapshot 1`] = `
<v-row-stub
  align="center"
  justify="center"
  tag="div"
>
  <v-col-stub
    cols="12"
    tag="div"
  >
    <v-timeline-stub>
      <themediatimelineloadingitem-stub />
      <themediatimelineloadingitem-stub />
      <themediatimelineloadingitem-stub />
    </v-timeline-stub>
  </v-col-stub>
</v-row-stub>
`;
