// Jest Snapshot v1, https://goo.gl/fbAQLP

exports[`TheTimeline matches snapshot 1`] = `
<v-row-stub
  align="center"
  justify="center"
  tag="div"
>
  <v-col-stub
    cols="12"
    tag="div"
  >
    <v-timeline-stub>
      <themediatimelineitem-stub
        media="[object Object]"
      />
    </v-timeline-stub>
  </v-col-stub>
   
</v-row-stub>
`;
