// Jest Snapshot v1, https://goo.gl/fbAQLP

exports[`TheSearchFilters matches snapshot 1`] = `
<v-dialog-stub
  closedelay="0"
  contentclass=""
  maxwidth="360px"
  opendelay="0"
  origin="center center"
  retainfocus="true"
  scrollable="true"
  transition="dialog-transition"
  width="auto"
>
  <v-card-stub
    loaderheight="4"
    tag="div"
  >
    <v-card-title-stub>
      
      Filters
    
    </v-card-title-stub>
     
    <v-card-text-stub
      class="pa-0"
    >
      <v-card-text-stub>
        <v-row-stub
          tag="div"
        >
          <v-col-stub
            cols="12"
            tag="div"
          >
            <span
              class="subheading"
            >
              Type
            </span>
             
            <v-chip-group
              active-class="accent--text"
              column=""
            >
              <v-chip-stub
                active="true"
                activeclass=""
                class="text-capitalize"
                closeicon="$delete"
                filtericon="$complete"
                tag="span"
                value="ANIME"
              >
                
                anime
              
              </v-chip-stub>
              <v-chip-stub
                active="true"
                activeclass=""
                class="text-capitalize"
                closeicon="$delete"
                filtericon="$complete"
                tag="span"
                value="MANGA"
              >
                
                manga
              
              </v-chip-stub>
            </v-chip-group>
          </v-col-stub>
           
          <v-col-stub
            cols="12"
            tag="div"
          >
            <span
              class="subheading"
            >
              Sort
            </span>
             
            <v-chip-group
              active-class="accent--text"
              column=""
            >
              <v-chip-stub
                active="true"
                activeclass=""
                class="text-capitalize"
                closeicon="$delete"
                filtericon="$complete"
                tag="span"
                value="ID_DESC"
              >
                
                Date Added
              
              </v-chip-stub>
              <v-chip-stub
                active="true"
                activeclass=""
                class="text-capitalize"
                closeicon="$delete"
                filtericon="$complete"
                tag="span"
                value="FAVOURITES_DESC"
              >
                
                Favorites
              
              </v-chip-stub>
              <v-chip-stub
                active="true"
                activeclass=""
                class="text-capitalize"
                closeicon="$delete"
                filtericon="$complete"
                tag="span"
                value="POPULARITY_DESC"
              >
                
                Popularity
              
              </v-chip-stub>
              <v-chip-stub
                active="true"
                activeclass=""
                class="text-capitalize"
                closeicon="$delete"
                filtericon="$complete"
                tag="span"
                value="START_DATE_DESC"
              >
                
                Release Date
              
              </v-chip-stub>
              <v-chip-stub
                active="true"
                activeclass=""
                class="text-capitalize"
                closeicon="$delete"
                filtericon="$complete"
                tag="span"
                value="SCORE_DESC"
              >
                
                Score
              
              </v-chip-stub>
              <v-chip-stub
                active="true"
                activeclass=""
                class="text-capitalize"
                closeicon="$delete"
                filtericon="$complete"
                tag="span"
                value="TITLE_ROMAJI"
              >
                
                Title
              
              </v-chip-stub>
              <v-chip-stub
                active="true"
                activeclass=""
                class="text-capitalize"
                closeicon="$delete"
                filtericon="$complete"
                tag="span"
                value="TRENDING_DESC"
              >
                
                Trending
              
              </v-chip-stub>
            </v-chip-group>
          </v-col-stub>
           
          <v-col-stub
            cols="12"
            tag="div"
          >
            <span
              class="subheading"
            >
              Status
            </span>
             
            <base-field-stub
              active-class="accent--text"
              aftertransform="function (e) { return (e.length ? e : undefined); },function (status) {
                  _vm.form = { status: status }
                }"
              beforetransform="function (e) { return (e ? (e instanceof Array ? e : [e]) : []); }"
              column=""
              multiple=""
              tag="v-chip-group"
              transformations=""
              validators=""
              value=""
            >
              <v-chip-stub
                active="true"
                activeclass=""
                class="text-capitalize"
                closeicon="$delete"
                filter="true"
                filtericon="$complete"
                tag="span"
                value="CANCELLED"
              >
                
                cancelled
              
              </v-chip-stub>
              <v-chip-stub
                active="true"
                activeclass=""
                class="text-capitalize"
                closeicon="$delete"
                filter="true"
                filtericon="$complete"
                tag="span"
                value="FINISHED"
              >
                
                finished
              
              </v-chip-stub>
              <v-chip-stub
                active="true"
                activeclass=""
                class="text-capitalize"
                closeicon="$delete"
                filter="true"
                filtericon="$complete"
                tag="span"
                value="NOT_YET_RELEASED"
              >
                
                not yet released
              
              </v-chip-stub>
              <v-chip-stub
                active="true"
                activeclass=""
                class="text-capitalize"
                closeicon="$delete"
                filter="true"
                filtericon="$complete"
                tag="span"
                value="RELEASING"
              >
                
                releasing
              
              </v-chip-stub>
            </base-field-stub>
          </v-col-stub>
        </v-row-stub>
      </v-card-text-stub>
       
      <v-list-stub
        flat="true"
        subheader="true"
        tag="div"
        tile="true"
      >
        <v-subheader-stub>
          Other
        </v-subheader-stub>
         
        <v-list-item-group-stub
          activeclass="v-item--active"
        >
          <v-list-item-stub
            activeclass=""
            tag="div"
            value="false"
          />
           
          <v-list-item-stub
            activeclass=""
            tag="div"
            value="true"
          />
        </v-list-item-group-stub>
         
        <v-list-item-group-stub
          activeclass="v-item--active"
        >
          <v-list-item-stub
            activeclass=""
            tag="div"
            value="true"
          />
        </v-list-item-group-stub>
      </v-list-stub>
    </v-card-text-stub>
     
    <v-divider-stub />
     
    <v-card-actions-stub>
      <v-spacer-stub />
       
      <v-btn-stub
        activeclass=""
        color="error"
        tag="button"
        text="true"
        type="button"
      >
        cancel
      </v-btn-stub>
       
      <v-btn-stub
        activeclass=""
        color="primary"
        disabled="true"
        tag="button"
        text="true"
        type="button"
      >
        submit
      </v-btn-stub>
    </v-card-actions-stub>
  </v-card-stub>
</v-dialog-stub>
`;
